../Core/Src/main.c:67:6:PY_usDelayTest	24	static
../Core/Src/main.c:82:6:PY_Delay_us_t	24	static
../Core/Src/main.c:91:6:PY_usDelayOptimize	24	static
../Core/Src/main.c:104:6:PY_Delay_us	32	static
../Core/Src/main.c:145:5:main	16	static
../Core/Src/main.c:270:6:SystemClock_Config	72	static
../Core/Src/main.c:306:6:HAL_usDelay	32	static
../Core/Src/main.c:328:6:HAL_msDelay	24	static
../Core/Src/main.c:338:6:test_in	8	static
../Core/Src/main.c:352:6:my_SDA_IN	24	static
../Core/Src/main.c:361:6:my_SDA_OUT	24	static
../Core/Src/main.c:371:6:IIC_Init	8	static
../Core/Src/main.c:380:6:IIC_Start	8	static
../Core/Src/main.c:391:6:IIC_Stop	8	static
../Core/Src/main.c:402:9:IIC_Wait_Ack	16	static
../Core/Src/main.c:421:6:IIC_Ack	8	static
../Core/Src/main.c:432:6:IIC_NAck	8	static
../Core/Src/main.c:443:6:IIC_Send_Byte	24	static
../Core/Src/main.c:463:9:IIC_Read_Byte	24	static
../Core/Src/main.c:483:6:OLED_WR_Byte	16	static
../Core/Src/main.c:499:6:fill_picture	24	static
../Core/Src/main.c:513:6:OLED_Set_Pos	16	static
../Core/Src/main.c:519:6:OLED_Display_On	8	static
../Core/Src/main.c:526:6:OLED_Display_Off	8	static
../Core/Src/main.c:533:6:OLED_Clear	16	static
../Core/Src/main.c:544:6:OLED_On	16	static
../Core/Src/main.c:556:6:OLED_ShowChar	32	static
../Core/Src/main.c:578:10:oled_pow	24	static
../Core/Src/main.c:585:6:OLED_ShowNum	24	static
../Core/Src/main.c:605:6:OLED_ShowString	24	static
../Core/Src/main.c:616:6:OLED_ShowCHinese	24	static
../Core/Src/main.c:632:6:OLED_DrawBMP	32	static
../Core/Src/main.c:649:6:OLED_Init	8	static
../Core/Src/main.c:697:6:Error_Handler	4	static,ignoring_inline_asm
